// Jest Snapshot v1, https://goo.gl/fbAQLP

exports[`(Shared) elements Icon should render 1`] = `"<InlineSVG src=\\"path/to/file\\" className=\\"icon class1 class2\\" element=\\"i\\" raw={false} />"`;
